<html>
<body>
<pre>
<h1>µVision Build Log</h1>
<h2>Project:</h2>
C:\Users\BAÞER\Downloads\IEEE RAS-BASER\Star project\Programming\Motion Control with IMU\omni.uvproj
Project File Date:  09/01/2015

<h2>Output:</h2>
Build target 'Target'
compiling main.c...
linking...
Program Size: Code=15936 RO-data=480 RW-data=96 ZI-data=2088  
".\omni.axf" - 0 Error(s), 0 Warning(s).
Load "C:\\Users\\BAÞER\\Downloads\\IEEE RAS-BASER\\Star project\\Programming\\Motion Control with IMU\\omni.axf" 
Connecting: Mode=JTAG, Speed=1000000Hz
Erase Done.
Programming Done.
Verify OK.
</pre>
</body>
</html>
